gthr-default.h:229:1:int __gthread_key_delete(__gthread_key_t)	16	static
basic_string.h:6580:3:std::string std::__cxx11::to_string(float)	32	static
cnsl_tools.hpp:80:13:void startUART()	8	static
cnsl_tools.hpp:86:13:void println(std::string)	32	static
cnsl_tools.hpp:98:13:void print(std::string)	32	static
cnsl_tools.hpp:107:20:std::string bfrspc(std::string)	24	static
cnsl_tools.hpp:118:20:std::string aftspc(std::string)	40	static
Task.hpp:56:15:virtual bool Task::taskFunction()	16	static
Task.hpp:62:15:virtual bool Task::consoleFunca()	48	static
Task.hpp:68:15:virtual bool Task::consoleFuncb(std::string&)	48	static
Task.hpp:14:7:Task::~Task()	16	static
BatteryMon.cpp:10:1:BattMon::BattMon(float, float, float, char, std::string)	64	static
BatteryMon.cpp:19:1:BattMon::~BattMon()	16	static
BatteryMon.cpp:24:6:void BattMon::init(ADC_HandleTypeDef*)	16	static
BatteryMon.cpp:29:6:virtual bool BattMon::consoleFunca()	128	static
BatteryMon.cpp:39:6:virtual bool BattMon::consoleFuncb(std::string&)	440	static
BatteryMon.cpp:61:6:virtual bool BattMon::taskFunction()	16	static
BatteryMon.cpp:72:6:void BattMon::setupCell1()	32	static
BatteryMon.cpp:85:6:void BattMon::setupCell2()	32	static
BatteryMon.cpp:98:6:void BattMon::setupCell3()	32	static
BatteryMon.cpp:111:6:void BattMon::setupCell4()	32	static
BatteryMon.cpp:124:6:void BattMon::readCell1()	16	static
BatteryMon.cpp:133:6:void BattMon::readCell2()	16	static
BatteryMon.cpp:143:6:void BattMon::readCell3()	16	static
BatteryMon.cpp:153:6:void BattMon::readCell4()	16	static
string_conversions.h:99:5:) [with _String = std::__cxx11::basic_string<char>; _CharT = char]	44	dynamic
basic_string.h:6175:5:bool std::operator==(const std::__cxx11::basic_string<_CharT, _Traits, _Alloc>&, const _CharT*) [with _CharT = char; _Traits = std::char_traits<char>; _Alloc = std::allocator<char>]	16	static
basic_string.h:6109:5:std::__cxx11::basic_string<_CharT, _Traits, _Alloc> std::operator+(const _CharT*, std::__cxx11::basic_string<_CharT, _Traits, _Alloc>&&) [with _CharT = char; _Traits = std::char_traits<char>; _Alloc = std::allocator<char>]	24	static
basic_string.h:6121:5:std::__cxx11::basic_string<_CharT, _Traits, _Alloc> std::operator+(std::__cxx11::basic_string<_CharT, _Traits, _Alloc>&&, const _CharT*) [with _CharT = char; _Traits = std::char_traits<char>; _Alloc = std::allocator<char>]	24	static
basic_string.h:6097:5:std::__cxx11::basic_string<_CharT, _Traits, _Alloc> std::operator+(std::__cxx11::basic_string<_CharT, _Traits, _Alloc>&&, std::__cxx11::basic_string<_CharT, _Traits, _Alloc>&&) [with _CharT = char; _Traits = std::char_traits<char>; _Alloc = std::allocator<char>]	40	static
basic_string.h:625:9:std::__cxx11::basic_string<_CharT, _Traits, _Alloc>::basic_string(_InputIterator, _InputIterator, const _Alloc&) [with _InputIterator = char*; <template-parameter-2-2> = void; _CharT = char; _Traits = std::char_traits<char>; _Alloc = std::allocator<char>]	32	static
basic_string.h:263:9:void std::__cxx11::basic_string<_CharT, _Traits, _Alloc>::_M_construct(_InIterator, _InIterator) [with _InIterator = char*; _CharT = char; _Traits = std::char_traits<char>; _Alloc = std::allocator<char>]	32	static
move.h:99:5:constexpr typename std::remove_reference<_Tp>::type&& std::move(_Tp&&) [with _Tp = std::__cxx11::basic_string<char>&]	16	static
basic_string.h:243:9:void std::__cxx11::basic_string<_CharT, _Traits, _Alloc>::_M_construct_aux(_InIterator, _InIterator, std::__false_type) [with _InIterator = char*; _CharT = char; _Traits = std::char_traits<char>; _Alloc = std::allocator<char>]	40	static
basic_string.tcc:206:7:void std::__cxx11::basic_string<_CharT, _Traits, _Alloc>::_M_construct(_InIterator, _InIterator, std::forward_iterator_tag) [with _FwdIterator = char*; _CharT = char; _Traits = std::char_traits<char>; _Alloc = std::allocator<char>]	32	static
type_traits.h:152:5:bool __gnu_cxx::__is_null_pointer(_Type*) [with _Type = char]	16	static
stl_iterator_base_funcs.h:138:5:typename std::iterator_traits<_Iterator>::difference_type std::distance(_InputIterator, _InputIterator) [with _InputIterator = char*]	32	static
stl_iterator_base_types.h:205:5:constexpr typename std::iterator_traits<_Iterator>::iterator_category std::__iterator_category(const _Iter&) [with _Iter = char*]	16	static
stl_iterator_base_funcs.h:98:5:constexpr typename std::iterator_traits<_Iterator>::difference_type std::__distance(_RandomAccessIterator, _RandomAccessIterator, std::random_access_iterator_tag) [with _RandomAccessIterator = char*]	24	static
BatteryMon.cpp:161:1:void __static_initialization_and_destruction_0(int, int)	24	static
BatteryMon.cpp:161:1:cpp)	8	static
BatteryMon.cpp:161:1:cpp)	8	static
