new:173:33:void* operator new(std::size_t, void*)	16	static
stl_tree.h:173:5:std::_Rb_tree_header::_Rb_tree_header()	16	static
stl_tree.h:206:5:void std::_Rb_tree_header::_M_reset()	16	static
char_traits.h:329:7:static std::size_t std::char_traits<char>::length(const char_type*)	16	static
gthr-default.h:229:1:int __gthread_key_delete(__gthread_key_t)	16	static
cnsl_tools.hpp:80:13:void startUART()	8	static
cnsl_tools.hpp:86:13:void println(std::string)	32	static
cnsl_tools.hpp:98:13:void print(std::string)	32	static
cnsl_tools.hpp:107:20:std::string bfrspc(std::string)	24	static
cnsl_tools.hpp:118:20:std::string aftspc(std::string)	40	static
Task.hpp:85:14:std::string Task::getName()	16	static
Command.hpp:27:14:std::string command::getName()	16	static
sys_cmnds.hpp:18:13:bool helpa()	4	static
sys_cmnds.hpp:22:13:bool helpb(std::string&)	16	static
Command.hpp:14:7:command::command(const command&)	16	static
sys_cmnds.hpp:32:13:bool echoa()	40	static
sys_cmnds.hpp:37:13:bool echob(std::string&)	40	static
sys_cmnds.hpp:48:13:bool cleara()	40	static
sys_cmnds.hpp:53:13:bool clearb(std::string&)	48	static
sys_cmnds.hpp:64:13:bool bannera()	32	static
sys_cmnds.hpp:69:13:bool bannerb(std::string&)	40	static
Console.hpp:34:7:void Console::printBanner()	40	static
Console.hpp:35:7:void Console::printCursor()	40	static
Console.cpp:14:6:void HAL_UART_RxCpltCallback(UART_HandleTypeDef*)	24	static
stl_tree.h:673:9:std::_Rb_tree<std::__cxx11::basic_string<char>, std::pair<const std::__cxx11::basic_string<char>, command>, std::_Select1st<std::pair<const std::__cxx11::basic_string<char>, command> >, std::less<std::__cxx11::basic_string<char> >, std::allocator<std::pair<const std::__cxx11::basic_string<char>, command> > >::_Rb_tree_impl<std::less<std::__cxx11::basic_string<char> >, true>::~_Rb_tree_impl()	16	static
stl_tree.h:939:7:std::_Rb_tree<_Key, _Val, _KeyOfValue, _Compare, _Alloc>::_Rb_tree() [with _Key = std::__cxx11::basic_string<char>; _Val = std::pair<const std::__cxx11::basic_string<char>, command>; _KeyOfValue = std::_Select1st<std::pair<const std::__cxx11::basic_string<char>, command> >; _Compare = std::less<std::__cxx11::basic_string<char> >; _Alloc = std::allocator<std::pair<const std::__cxx11::basic_string<char>, command> >]	16	static
stl_map.h:183:7:std::map<_Key, _Tp, _Compare, _Alloc>::map() [with _Key = std::__cxx11::basic_string<char>; _Tp = command; _Compare = std::less<std::__cxx11::basic_string<char> >; _Alloc = std::allocator<std::pair<const std::__cxx11::basic_string<char>, command> >]	16	static
stl_map.h:300:7:std::map<_Key, _Tp, _Compare, _Alloc>::~map() [with _Key = std::__cxx11::basic_string<char>; _Tp = command; _Compare = std::less<std::__cxx11::basic_string<char> >; _Alloc = std::allocator<std::pair<const std::__cxx11::basic_string<char>, command> >]	16	static
stl_tree.h:673:9:std::_Rb_tree<std::__cxx11::basic_string<char>, std::pair<const std::__cxx11::basic_string<char>, Task*>, std::_Select1st<std::pair<const std::__cxx11::basic_string<char>, Task*> >, std::less<std::__cxx11::basic_string<char> >, std::allocator<std::pair<const std::__cxx11::basic_string<char>, Task*> > >::_Rb_tree_impl<std::less<std::__cxx11::basic_string<char> >, true>::~_Rb_tree_impl()	16	static
stl_tree.h:939:7:std::_Rb_tree<_Key, _Val, _KeyOfValue, _Compare, _Alloc>::_Rb_tree() [with _Key = std::__cxx11::basic_string<char>; _Val = std::pair<const std::__cxx11::basic_string<char>, Task*>; _KeyOfValue = std::_Select1st<std::pair<const std::__cxx11::basic_string<char>, Task*> >; _Compare = std::less<std::__cxx11::basic_string<char> >; _Alloc = std::allocator<std::pair<const std::__cxx11::basic_string<char>, Task*> >]	16	static
stl_map.h:183:7:std::map<_Key, _Tp, _Compare, _Alloc>::map() [with _Key = std::__cxx11::basic_string<char>; _Tp = Task*; _Compare = std::less<std::__cxx11::basic_string<char> >; _Alloc = std::allocator<std::pair<const std::__cxx11::basic_string<char>, Task*> >]	16	static
stl_map.h:300:7:std::map<_Key, _Tp, _Compare, _Alloc>::~map() [with _Key = std::__cxx11::basic_string<char>; _Tp = Task*; _Compare = std::less<std::__cxx11::basic_string<char> >; _Alloc = std::allocator<std::pair<const std::__cxx11::basic_string<char>, Task*> >]	16	static
Console.cpp:66:1:Console::Console()	16	static
Console.cpp:71:1:Console::~Console()	16	static
Console.cpp:76:6:bool Console::isCommand(std::string&)	16	static
Console.cpp:86:6:bool Console::isTask(std::string&)	16	static
Console.cpp:96:6:void Console::loop()	152	static
Console.cpp:126:6:void Console::start()	16	static
Console.cpp:133:6:bool Console::exec(std::string&)	136	static
stl_pair.h:208:12:std::pair<const std::__cxx11::basic_string<char>, command>::~pair()	16	static
Console.cpp:166:6:void Console::loadCmnds()	376	static
Console.cpp:175:6:bool Console::isNewCommandReady()	16	static
Console.cpp:180:6:void Console::printAllCommands()	288	static
Console.cpp:224:6:void Console::addCommand(std::string&, bool (*)(), bool (*)(std::string&))	152	static
stl_pair.h:208:12:std::pair<const std::__cxx11::basic_string<char>, Task*>::~pair()	16	static
Console.cpp:229:6:void Console::addCommandByTask(Task*)	88	static
stl_tree.h:680:4:std::_Rb_tree<_Key, _Val, _KeyOfValue, _Compare, _Alloc>::_Rb_tree_impl<_Key_compare, <anonymous> >::_Rb_tree_impl() [with _Key_compare = std::less<std::__cxx11::basic_string<char> >; bool <anonymous> = true; _Key = std::__cxx11::basic_string<char>; _Val = std::pair<const std::__cxx11::basic_string<char>, command>; _KeyOfValue = std::_Select1st<std::pair<const std::__cxx11::basic_string<char>, command> >; _Compare = std::less<std::__cxx11::basic_string<char> >; _Alloc = std::allocator<std::pair<const std::__cxx11::basic_string<char>, command> >]	16	static
allocator.h:153:7:std::allocator< <template-parameter-1-1> >::~allocator() [with _Tp = std::_Rb_tree_node<std::pair<const std::__cxx11::basic_string<char>, command> >]	16	static
stl_tree.h:994:7:std::_Rb_tree<_Key, _Val, _KeyOfValue, _Compare, _Alloc>::~_Rb_tree() [with _Key = std::__cxx11::basic_string<char>; _Val = std::pair<const std::__cxx11::basic_string<char>, command>; _KeyOfValue = std::_Select1st<std::pair<const std::__cxx11::basic_string<char>, command> >; _Compare = std::less<std::__cxx11::basic_string<char> >; _Alloc = std::allocator<std::pair<const std::__cxx11::basic_string<char>, command> >]	16	static
stl_tree.h:680:4:std::_Rb_tree<_Key, _Val, _KeyOfValue, _Compare, _Alloc>::_Rb_tree_impl<_Key_compare, <anonymous> >::_Rb_tree_impl() [with _Key_compare = std::less<std::__cxx11::basic_string<char> >; bool <anonymous> = true; _Key = std::__cxx11::basic_string<char>; _Val = std::pair<const std::__cxx11::basic_string<char>, Task*>; _KeyOfValue = std::_Select1st<std::pair<const std::__cxx11::basic_string<char>, Task*> >; _Compare = std::less<std::__cxx11::basic_string<char> >; _Alloc = std::allocator<std::pair<const std::__cxx11::basic_string<char>, Task*> >]	16	static
allocator.h:153:7:std::allocator< <template-parameter-1-1> >::~allocator() [with _Tp = std::_Rb_tree_node<std::pair<const std::__cxx11::basic_string<char>, Task*> >]	16	static
stl_tree.h:994:7:std::_Rb_tree<_Key, _Val, _KeyOfValue, _Compare, _Alloc>::~_Rb_tree() [with _Key = std::__cxx11::basic_string<char>; _Val = std::pair<const std::__cxx11::basic_string<char>, Task*>; _KeyOfValue = std::_Select1st<std::pair<const std::__cxx11::basic_string<char>, Task*> >; _Compare = std::less<std::__cxx11::basic_string<char> >; _Alloc = std::allocator<std::pair<const std::__cxx11::basic_string<char>, Task*> >]	16	static
stl_map.h:1214:7:std::map<_Key, _Tp, _Compare, _Alloc>::size_type std::map<_Key, _Tp, _Compare, _Alloc>::count(const key_type&) const [with _Key = std::__cxx11::basic_string<char>; _Tp = command; _Compare = std::less<std::__cxx11::basic_string<char> >; _Alloc = std::allocator<std::pair<const std::__cxx11::basic_string<char>, command> >]	24	static
stl_map.h:1214:7:std::map<_Key, _Tp, _Compare, _Alloc>::size_type std::map<_Key, _Tp, _Compare, _Alloc>::count(const key_type&) const [with _Key = std::__cxx11::basic_string<char>; _Tp = Task*; _Compare = std::less<std::__cxx11::basic_string<char> >; _Alloc = std::allocator<std::pair<const std::__cxx11::basic_string<char>, Task*> >]	24	static
basic_string.h:6175:5:bool std::operator==(const std::__cxx11::basic_string<_CharT, _Traits, _Alloc>&, const _CharT*) [with _CharT = char; _Traits = std::char_traits<char>; _Alloc = std::allocator<char>]	16	static
basic_string.tcc:1158:5:std::__cxx11::basic_string<_CharT, _Traits, _Alloc> std::operator+(const _CharT*, const std::__cxx11::basic_string<_CharT, _Traits, _Alloc>&) [with _CharT = char; _Traits = std::char_traits<char>; _Alloc = std::allocator<char>]	32	static
basic_string.h:6121:5:std::__cxx11::basic_string<_CharT, _Traits, _Alloc> std::operator+(std::__cxx11::basic_string<_CharT, _Traits, _Alloc>&&, const _CharT*) [with _CharT = char; _Traits = std::char_traits<char>; _Alloc = std::allocator<char>]	24	static
stl_map.h:1168:7:std::map<_Key, _Tp, _Compare, _Alloc>::iterator std::map<_Key, _Tp, _Compare, _Alloc>::find(const key_type&) [with _Key = std::__cxx11::basic_string<char>; _Tp = command; _Compare = std::less<std::__cxx11::basic_string<char> >; _Alloc = std::allocator<std::pair<const std::__cxx11::basic_string<char>, command> >]	16	static
stl_tree.h:281:7:_Tp* std::_Rb_tree_iterator<_Tp>::operator->() const [with _Tp = std::pair<const std::__cxx11::basic_string<char>, command>]	16	static
stl_map.h:1168:7:std::map<_Key, _Tp, _Compare, _Alloc>::iterator std::map<_Key, _Tp, _Compare, _Alloc>::find(const key_type&) [with _Key = std::__cxx11::basic_string<char>; _Tp = Task*; _Compare = std::less<std::__cxx11::basic_string<char> >; _Alloc = std::allocator<std::pair<const std::__cxx11::basic_string<char>, Task*> >]	16	static
stl_tree.h:281:7:_Tp* std::_Rb_tree_iterator<_Tp>::operator->() const [with _Tp = std::pair<const std::__cxx11::basic_string<char>, Task*>]	16	static
stl_pair.h:341:12:constexpr std::pair<_T1, _T2>::pair(_U1&&, _U2&&) [with _U1 = std::__cxx11::basic_string<char>; _U2 = command&; typename std::enable_if<(std::_PCC<true, _T1, _T2>::_MoveConstructiblePair<_U1, _U2>() && std::_PCC<true, _T1, _T2>::_ImplicitlyMoveConvertiblePair<_U1, _U2>()), bool>::type <anonymous> = true; _T1 = const std::__cxx11::basic_string<char>; _T2 = command]	32	static
stl_map.h:808:7:std::pair<typename std::_Rb_tree<_Key, std::pair<const _Key, _Tp>, std::_Select1st<std::pair<const _Key, _Tp> >, _Compare, typename __gnu_cxx::__alloc_traits<_Alloc>::rebind<std::pair<const _Key, _Tp> >::other>::iterator, bool> std::map<_Key, _Tp, _Compare, _Alloc>::insert(std::map<_Key, _Tp, _Compare, _Alloc>::value_type&&) [with _Key = std::__cxx11::basic_string<char>; _Tp = command; _Compare = std::less<std::__cxx11::basic_string<char> >; _Alloc = std::allocator<std::pair<const std::__cxx11::basic_string<char>, command> >]	32	static
stl_map.h:468:7:std::map<_Key, _Tp, _Compare, _Alloc>::size_type std::map<_Key, _Tp, _Compare, _Alloc>::size() const [with _Key = std::__cxx11::basic_string<char>; _Tp = command; _Compare = std::less<std::__cxx11::basic_string<char> >; _Alloc = std::allocator<std::pair<const std::__cxx11::basic_string<char>, command> >]	16	static
stl_map.h:468:7:std::map<_Key, _Tp, _Compare, _Alloc>::size_type std::map<_Key, _Tp, _Compare, _Alloc>::size() const [with _Key = std::__cxx11::basic_string<char>; _Tp = Task*; _Compare = std::less<std::__cxx11::basic_string<char> >; _Alloc = std::allocator<std::pair<const std::__cxx11::basic_string<char>, Task*> >]	16	static
stl_map.h:427:7:std::map<_Key, _Tp, _Compare, _Alloc>::const_iterator std::map<_Key, _Tp, _Compare, _Alloc>::cbegin() const [with _Key = std::__cxx11::basic_string<char>; _Tp = command; _Compare = std::less<std::__cxx11::basic_string<char> >; _Alloc = std::allocator<std::pair<const std::__cxx11::basic_string<char>, command> >]	16	static
stl_map.h:436:7:std::map<_Key, _Tp, _Compare, _Alloc>::const_iterator std::map<_Key, _Tp, _Compare, _Alloc>::cend() const [with _Key = std::__cxx11::basic_string<char>; _Tp = command; _Compare = std::less<std::__cxx11::basic_string<char> >; _Alloc = std::allocator<std::pair<const std::__cxx11::basic_string<char>, command> >]	16	static
stl_tree.h:398:7:bool std::operator!=(const _Self&, const _Self&)	16	static
stl_tree.h:371:7:std::_Rb_tree_const_iterator<_Tp>::_Self std::_Rb_tree_const_iterator<_Tp>::operator++(int) [with _Tp = std::pair<const std::__cxx11::basic_string<char>, command>]	24	static
stl_tree.h:360:7:const _Tp* std::_Rb_tree_const_iterator<_Tp>::operator->() const [with _Tp = std::pair<const std::__cxx11::basic_string<char>, command>]	16	static
stl_map.h:427:7:std::map<_Key, _Tp, _Compare, _Alloc>::const_iterator std::map<_Key, _Tp, _Compare, _Alloc>::cbegin() const [with _Key = std::__cxx11::basic_string<char>; _Tp = Task*; _Compare = std::less<std::__cxx11::basic_string<char> >; _Alloc = std::allocator<std::pair<const std::__cxx11::basic_string<char>, Task*> >]	16	static
stl_iterator_base_funcs.h:202:5:void std::advance(_InputIterator&, _Distance) [with _InputIterator = std::_Rb_tree_const_iterator<std::pair<const std::__cxx11::basic_string<char>, Task*> >; _Distance = unsigned int]	32	static
stl_tree.h:360:7:const _Tp* std::_Rb_tree_const_iterator<_Tp>::operator->() const [with _Tp = std::pair<const std::__cxx11::basic_string<char>, Task*>]	16	static
stl_map.h:436:7:std::map<_Key, _Tp, _Compare, _Alloc>::const_iterator std::map<_Key, _Tp, _Compare, _Alloc>::cend() const [with _Key = std::__cxx11::basic_string<char>; _Tp = Task*; _Compare = std::less<std::__cxx11::basic_string<char> >; _Alloc = std::allocator<std::pair<const std::__cxx11::basic_string<char>, Task*> >]	16	static
stl_tree.h:398:7:bool std::operator!=(const _Self&, const _Self&)	16	static
stl_tree.h:371:7:std::_Rb_tree_const_iterator<_Tp>::_Self std::_Rb_tree_const_iterator<_Tp>::operator++(int) [with _Tp = std::pair<const std::__cxx11::basic_string<char>, Task*>]	24	static
stl_iterator_base_funcs.h:202:5:void std::advance(_InputIterator&, _Distance) [with _InputIterator = std::_Rb_tree_const_iterator<std::pair<const std::__cxx11::basic_string<char>, command> >; _Distance = unsigned int]	32	static
stl_pair.h:341:12:constexpr std::pair<_T1, _T2>::pair(_U1&&, _U2&&) [with _U1 = std::__cxx11::basic_string<char>&; _U2 = command; typename std::enable_if<(std::_PCC<true, _T1, _T2>::_MoveConstructiblePair<_U1, _U2>() && std::_PCC<true, _T1, _T2>::_ImplicitlyMoveConvertiblePair<_U1, _U2>()), bool>::type <anonymous> = true; _T1 = const std::__cxx11::basic_string<char>; _T2 = command]	32	static
stl_pair.h:341:12:constexpr std::pair<_T1, _T2>::pair(_U1&&, _U2&&) [with _U1 = std::__cxx11::basic_string<char>; _U2 = Task*&; typename std::enable_if<(std::_PCC<true, _T1, _T2>::_MoveConstructiblePair<_U1, _U2>() && std::_PCC<true, _T1, _T2>::_ImplicitlyMoveConvertiblePair<_U1, _U2>()), bool>::type <anonymous> = true; _T1 = const std::__cxx11::basic_string<char>; _T2 = Task*]	32	static
stl_map.h:808:7:std::pair<typename std::_Rb_tree<_Key, std::pair<const _Key, _Tp>, std::_Select1st<std::pair<const _Key, _Tp> >, _Compare, typename __gnu_cxx::__alloc_traits<_Alloc>::rebind<std::pair<const _Key, _Tp> >::other>::iterator, bool> std::map<_Key, _Tp, _Compare, _Alloc>::insert(std::map<_Key, _Tp, _Compare, _Alloc>::value_type&&) [with _Key = std::__cxx11::basic_string<char>; _Tp = Task*; _Compare = std::less<std::__cxx11::basic_string<char> >; _Alloc = std::allocator<std::pair<const std::__cxx11::basic_string<char>, Task*> >]	32	static
allocator.h:138:7:std::allocator< <template-parameter-1-1> >::allocator() [with _Tp = std::_Rb_tree_node<std::pair<const std::__cxx11::basic_string<char>, command> >]	16	static
stl_tree.h:146:7:std::_Rb_tree_key_compare<_Key_compare>::_Rb_tree_key_compare() [with _Key_compare = std::less<std::__cxx11::basic_string<char> >]	16	static
new_allocator.h:89:7:__gnu_cxx::new_allocator<_Tp>::~new_allocator() [with _Tp = std::_Rb_tree_node<std::pair<const std::__cxx11::basic_string<char>, command> >]	16	static
stl_tree.h:1907:5:void std::_Rb_tree<_Key, _Val, _KeyOfValue, _Compare, _Alloc>::_M_erase(std::_Rb_tree<_Key, _Val, _KeyOfValue, _Compare, _Alloc>::_Link_type) [with _Key = std::__cxx11::basic_string<char>; _Val = std::pair<const std::__cxx11::basic_string<char>, command>; _KeyOfValue = std::_Select1st<std::pair<const std::__cxx11::basic_string<char>, command> >; _Compare = std::less<std::__cxx11::basic_string<char> >; _Alloc = std::allocator<std::pair<const std::__cxx11::basic_string<char>, command> >]	24	static
stl_tree.h:744:7:std::_Rb_tree_node<_Val>* std::_Rb_tree<_Key, _Val, _KeyOfValue, _Compare, _Alloc>::_M_begin() [with _Key = std::__cxx11::basic_string<char>; _Val = std::pair<const std::__cxx11::basic_string<char>, command>; _KeyOfValue = std::_Select1st<std::pair<const std::__cxx11::basic_string<char>, command> >; _Compare = std::less<std::__cxx11::basic_string<char> >; _Alloc = std::allocator<std::pair<const std::__cxx11::basic_string<char>, command> >]	16	static
allocator.h:138:7:std::allocator< <template-parameter-1-1> >::allocator() [with _Tp = std::_Rb_tree_node<std::pair<const std::__cxx11::basic_string<char>, Task*> >]	16	static
new_allocator.h:89:7:__gnu_cxx::new_allocator<_Tp>::~new_allocator() [with _Tp = std::_Rb_tree_node<std::pair<const std::__cxx11::basic_string<char>, Task*> >]	16	static
stl_tree.h:1907:5:void std::_Rb_tree<_Key, _Val, _KeyOfValue, _Compare, _Alloc>::_M_erase(std::_Rb_tree<_Key, _Val, _KeyOfValue, _Compare, _Alloc>::_Link_type) [with _Key = std::__cxx11::basic_string<char>; _Val = std::pair<const std::__cxx11::basic_string<char>, Task*>; _KeyOfValue = std::_Select1st<std::pair<const std::__cxx11::basic_string<char>, Task*> >; _Compare = std::less<std::__cxx11::basic_string<char> >; _Alloc = std::allocator<std::pair<const std::__cxx11::basic_string<char>, Task*> >]	24	static
stl_tree.h:744:7:std::_Rb_tree_node<_Val>* std::_Rb_tree<_Key, _Val, _KeyOfValue, _Compare, _Alloc>::_M_begin() [with _Key = std::__cxx11::basic_string<char>; _Val = std::pair<const std::__cxx11::basic_string<char>, Task*>; _KeyOfValue = std::_Select1st<std::pair<const std::__cxx11::basic_string<char>, Task*> >; _Compare = std::less<std::__cxx11::basic_string<char> >; _Alloc = std::allocator<std::pair<const std::__cxx11::basic_string<char>, Task*> >]	16	static
stl_tree.h:2567:5:std::_Rb_tree<_Key, _Val, _KeyOfValue, _Compare, _Alloc>::const_iterator std::_Rb_tree<_Key, _Val, _KeyOfValue, _Compare, _Alloc>::find(const _Key&) const [with _Key = std::__cxx11::basic_string<char>; _Val = std::pair<const std::__cxx11::basic_string<char>, command>; _KeyOfValue = std::_Select1st<std::pair<const std::__cxx11::basic_string<char>, command> >; _Compare = std::less<std::__cxx11::basic_string<char> >; _Alloc = std::allocator<std::pair<const std::__cxx11::basic_string<char>, command> >]	32	static
stl_tree.h:1018:7:std::_Rb_tree<_Key, _Val, _KeyOfValue, _Compare, _Alloc>::const_iterator std::_Rb_tree<_Key, _Val, _KeyOfValue, _Compare, _Alloc>::end() const [with _Key = std::__cxx11::basic_string<char>; _Val = std::pair<const std::__cxx11::basic_string<char>, command>; _KeyOfValue = std::_Select1st<std::pair<const std::__cxx11::basic_string<char>, command> >; _Compare = std::less<std::__cxx11::basic_string<char> >; _Alloc = std::allocator<std::pair<const std::__cxx11::basic_string<char>, command> >]	24	static
stl_tree.h:394:7:bool std::operator==(const _Self&, const _Self&)	16	static
stl_tree.h:2567:5:std::_Rb_tree<_Key, _Val, _KeyOfValue, _Compare, _Alloc>::const_iterator std::_Rb_tree<_Key, _Val, _KeyOfValue, _Compare, _Alloc>::find(const _Key&) const [with _Key = std::__cxx11::basic_string<char>; _Val = std::pair<const std::__cxx11::basic_string<char>, Task*>; _KeyOfValue = std::_Select1st<std::pair<const std::__cxx11::basic_string<char>, Task*> >; _Compare = std::less<std::__cxx11::basic_string<char> >; _Alloc = std::allocator<std::pair<const std::__cxx11::basic_string<char>, Task*> >]	32	static
stl_tree.h:1018:7:std::_Rb_tree<_Key, _Val, _KeyOfValue, _Compare, _Alloc>::const_iterator std::_Rb_tree<_Key, _Val, _KeyOfValue, _Compare, _Alloc>::end() const [with _Key = std::__cxx11::basic_string<char>; _Val = std::pair<const std::__cxx11::basic_string<char>, Task*>; _KeyOfValue = std::_Select1st<std::pair<const std::__cxx11::basic_string<char>, Task*> >; _Compare = std::less<std::__cxx11::basic_string<char> >; _Alloc = std::allocator<std::pair<const std::__cxx11::basic_string<char>, Task*> >]	24	static
stl_tree.h:394:7:bool std::operator==(const _Self&, const _Self&)	16	static
move.h:99:5:constexpr typename std::remove_reference<_Tp>::type&& std::move(_Tp&&) [with _Tp = std::__cxx11::basic_string<char>&]	16	static
stl_tree.h:2554:5:std::_Rb_tree<_Key, _Val, _KeyOfValue, _Compare, _Alloc>::iterator std::_Rb_tree<_Key, _Val, _KeyOfValue, _Compare, _Alloc>::find(const _Key&) [with _Key = std::__cxx11::basic_string<char>; _Val = std::pair<const std::__cxx11::basic_string<char>, command>; _KeyOfValue = std::_Select1st<std::pair<const std::__cxx11::basic_string<char>, command> >; _Compare = std::less<std::__cxx11::basic_string<char> >; _Alloc = std::allocator<std::pair<const std::__cxx11::basic_string<char>, command> >]	32	static
stl_tree.h:234:7:_Val* std::_Rb_tree_node<_Val>::_M_valptr() [with _Val = std::pair<const std::__cxx11::basic_string<char>, command>]	16	static
stl_tree.h:2554:5:std::_Rb_tree<_Key, _Val, _KeyOfValue, _Compare, _Alloc>::iterator std::_Rb_tree<_Key, _Val, _KeyOfValue, _Compare, _Alloc>::find(const _Key&) [with _Key = std::__cxx11::basic_string<char>; _Val = std::pair<const std::__cxx11::basic_string<char>, Task*>; _KeyOfValue = std::_Select1st<std::pair<const std::__cxx11::basic_string<char>, Task*> >; _Compare = std::less<std::__cxx11::basic_string<char> >; _Alloc = std::allocator<std::pair<const std::__cxx11::basic_string<char>, Task*> >]	32	static
stl_tree.h:234:7:_Val* std::_Rb_tree_node<_Val>::_M_valptr() [with _Val = std::pair<const std::__cxx11::basic_string<char>, Task*>]	16	static
move.h:74:5:constexpr _Tp&& std::forward(typename std::remove_reference<_Tp>::type&) [with _Tp = std::__cxx11::basic_string<char>]	16	static
move.h:74:5:constexpr _Tp&& std::forward(typename std::remove_reference<_Tp>::type&) [with _Tp = command&]	16	static
move.h:99:5:constexpr typename std::remove_reference<_Tp>::type&& std::move(_Tp&&) [with _Tp = std::pair<const std::__cxx11::basic_string<char>, command>&]	16	static
stl_tree.h:2139:5:std::pair<std::_Rb_tree_iterator<_Val>, bool> std::_Rb_tree<_Key, _Val, _KeyOfValue, _Compare, _Alloc>::_M_insert_unique(_Arg&&) [with _Arg = std::pair<const std::__cxx11::basic_string<char>, command>; _Key = std::__cxx11::basic_string<char>; _Val = std::pair<const std::__cxx11::basic_string<char>, command>; _KeyOfValue = std::_Select1st<std::pair<const std::__cxx11::basic_string<char>, command> >; _Compare = std::less<std::__cxx11::basic_string<char> >; _Alloc = std::allocator<std::pair<const std::__cxx11::basic_string<char>, command> >]	72	static
stl_tree.h:1042:7:std::_Rb_tree<_Key, _Val, _KeyOfValue, _Compare, _Alloc>::size_type std::_Rb_tree<_Key, _Val, _KeyOfValue, _Compare, _Alloc>::size() const [with _Key = std::__cxx11::basic_string<char>; _Val = std::pair<const std::__cxx11::basic_string<char>, command>; _KeyOfValue = std::_Select1st<std::pair<const std::__cxx11::basic_string<char>, command> >; _Compare = std::less<std::__cxx11::basic_string<char> >; _Alloc = std::allocator<std::pair<const std::__cxx11::basic_string<char>, command> >]	16	static
stl_tree.h:1042:7:std::_Rb_tree<_Key, _Val, _KeyOfValue, _Compare, _Alloc>::size_type std::_Rb_tree<_Key, _Val, _KeyOfValue, _Compare, _Alloc>::size() const [with _Key = std::__cxx11::basic_string<char>; _Val = std::pair<const std::__cxx11::basic_string<char>, Task*>; _KeyOfValue = std::_Select1st<std::pair<const std::__cxx11::basic_string<char>, Task*> >; _Compare = std::less<std::__cxx11::basic_string<char> >; _Alloc = std::allocator<std::pair<const std::__cxx11::basic_string<char>, Task*> >]	16	static
stl_tree.h:1010:7:std::_Rb_tree<_Key, _Val, _KeyOfValue, _Compare, _Alloc>::const_iterator std::_Rb_tree<_Key, _Val, _KeyOfValue, _Compare, _Alloc>::begin() const [with _Key = std::__cxx11::basic_string<char>; _Val = std::pair<const std::__cxx11::basic_string<char>, command>; _KeyOfValue = std::_Select1st<std::pair<const std::__cxx11::basic_string<char>, command> >; _Compare = std::less<std::__cxx11::basic_string<char> >; _Alloc = std::allocator<std::pair<const std::__cxx11::basic_string<char>, command> >]	24	static
stl_tree.h:238:7:const _Val* std::_Rb_tree_node<_Val>::_M_valptr() const [with _Val = std::pair<const std::__cxx11::basic_string<char>, command>]	16	static
stl_tree.h:1010:7:std::_Rb_tree<_Key, _Val, _KeyOfValue, _Compare, _Alloc>::const_iterator std::_Rb_tree<_Key, _Val, _KeyOfValue, _Compare, _Alloc>::begin() const [with _Key = std::__cxx11::basic_string<char>; _Val = std::pair<const std::__cxx11::basic_string<char>, Task*>; _KeyOfValue = std::_Select1st<std::pair<const std::__cxx11::basic_string<char>, Task*> >; _Compare = std::less<std::__cxx11::basic_string<char> >; _Alloc = std::allocator<std::pair<const std::__cxx11::basic_string<char>, Task*> >]	24	static
stl_iterator_base_types.h:205:5:constexpr typename std::iterator_traits<_Iterator>::iterator_category std::__iterator_category(const _Iter&) [with _Iter = std::_Rb_tree_const_iterator<std::pair<const std::__cxx11::basic_string<char>, Task*> >]	16	static
stl_iterator_base_funcs.h:158:5:constexpr void std::__advance(_BidirectionalIterator&, _Distance, std::bidirectional_iterator_tag) [with _BidirectionalIterator = std::_Rb_tree_const_iterator<std::pair<const std::__cxx11::basic_string<char>, Task*> >; _Distance = int]	24	static
stl_tree.h:238:7:const _Val* std::_Rb_tree_node<_Val>::_M_valptr() const [with _Val = std::pair<const std::__cxx11::basic_string<char>, Task*>]	16	static
stl_iterator_base_types.h:205:5:constexpr typename std::iterator_traits<_Iterator>::iterator_category std::__iterator_category(const _Iter&) [with _Iter = std::_Rb_tree_const_iterator<std::pair<const std::__cxx11::basic_string<char>, command> >]	16	static
stl_iterator_base_funcs.h:158:5:constexpr void std::__advance(_BidirectionalIterator&, _Distance, std::bidirectional_iterator_tag) [with _BidirectionalIterator = std::_Rb_tree_const_iterator<std::pair<const std::__cxx11::basic_string<char>, command> >; _Distance = int]	24	static
move.h:74:5:constexpr _Tp&& std::forward(typename std::remove_reference<_Tp>::type&) [with _Tp = std::__cxx11::basic_string<char>&]	16	static
move.h:74:5:constexpr _Tp&& std::forward(typename std::remove_reference<_Tp>::type&) [with _Tp = command]	16	static
move.h:74:5:constexpr _Tp&& std::forward(typename std::remove_reference<_Tp>::type&) [with _Tp = Task*&]	16	static
move.h:99:5:constexpr typename std::remove_reference<_Tp>::type&& std::move(_Tp&&) [with _Tp = std::pair<const std::__cxx11::basic_string<char>, Task*>&]	16	static
stl_tree.h:2139:5:std::pair<std::_Rb_tree_iterator<_Val>, bool> std::_Rb_tree<_Key, _Val, _KeyOfValue, _Compare, _Alloc>::_M_insert_unique(_Arg&&) [with _Arg = std::pair<const std::__cxx11::basic_string<char>, Task*>; _Key = std::__cxx11::basic_string<char>; _Val = std::pair<const std::__cxx11::basic_string<char>, Task*>; _KeyOfValue = std::_Select1st<std::pair<const std::__cxx11::basic_string<char>, Task*> >; _Compare = std::less<std::__cxx11::basic_string<char> >; _Alloc = std::allocator<std::pair<const std::__cxx11::basic_string<char>, Task*> >]	72	static
new_allocator.h:80:7:__gnu_cxx::new_allocator<_Tp>::new_allocator() [with _Tp = std::_Rb_tree_node<std::pair<const std::__cxx11::basic_string<char>, command> >]	16	static
stl_tree.h:797:7:static std::_Rb_tree_node<_Val>* std::_Rb_tree<_Key, _Val, _KeyOfValue, _Compare, _Alloc>::_S_right(std::_Rb_tree<_Key, _Val, _KeyOfValue, _Compare, _Alloc>::_Base_ptr) [with _Key = std::__cxx11::basic_string<char>; _Val = std::pair<const std::__cxx11::basic_string<char>, command>; _KeyOfValue = std::_Select1st<std::pair<const std::__cxx11::basic_string<char>, command> >; _Compare = std::less<std::__cxx11::basic_string<char> >; _Alloc = std::allocator<std::pair<const std::__cxx11::basic_string<char>, command> >]	16	static
stl_tree.h:789:7:static std::_Rb_tree_node<_Val>* std::_Rb_tree<_Key, _Val, _KeyOfValue, _Compare, _Alloc>::_S_left(std::_Rb_tree<_Key, _Val, _KeyOfValue, _Compare, _Alloc>::_Base_ptr) [with _Key = std::__cxx11::basic_string<char>; _Val = std::pair<const std::__cxx11::basic_string<char>, command>; _KeyOfValue = std::_Select1st<std::pair<const std::__cxx11::basic_string<char>, command> >; _Compare = std::less<std::__cxx11::basic_string<char> >; _Alloc = std::allocator<std::pair<const std::__cxx11::basic_string<char>, command> >]	16	static
stl_tree.h:648:7:void std::_Rb_tree<_Key, _Val, _KeyOfValue, _Compare, _Alloc>::_M_drop_node(std::_Rb_tree<_Key, _Val, _KeyOfValue, _Compare, _Alloc>::_Link_type) [with _Key = std::__cxx11::basic_string<char>; _Val = std::pair<const std::__cxx11::basic_string<char>, command>; _KeyOfValue = std::_Select1st<std::pair<const std::__cxx11::basic_string<char>, command> >; _Compare = std::less<std::__cxx11::basic_string<char> >; _Alloc = std::allocator<std::pair<const std::__cxx11::basic_string<char>, command> >]	16	static
new_allocator.h:80:7:__gnu_cxx::new_allocator<_Tp>::new_allocator() [with _Tp = std::_Rb_tree_node<std::pair<const std::__cxx11::basic_string<char>, Task*> >]	16	static
stl_tree.h:797:7:static std::_Rb_tree_node<_Val>* std::_Rb_tree<_Key, _Val, _KeyOfValue, _Compare, _Alloc>::_S_right(std::_Rb_tree<_Key, _Val, _KeyOfValue, _Compare, _Alloc>::_Base_ptr) [with _Key = std::__cxx11::basic_string<char>; _Val = std::pair<const std::__cxx11::basic_string<char>, Task*>; _KeyOfValue = std::_Select1st<std::pair<const std::__cxx11::basic_string<char>, Task*> >; _Compare = std::less<std::__cxx11::basic_string<char> >; _Alloc = std::allocator<std::pair<const std::__cxx11::basic_string<char>, Task*> >]	16	static
stl_tree.h:789:7:static std::_Rb_tree_node<_Val>* std::_Rb_tree<_Key, _Val, _KeyOfValue, _Compare, _Alloc>::_S_left(std::_Rb_tree<_Key, _Val, _KeyOfValue, _Compare, _Alloc>::_Base_ptr) [with _Key = std::__cxx11::basic_string<char>; _Val = std::pair<const std::__cxx11::basic_string<char>, Task*>; _KeyOfValue = std::_Select1st<std::pair<const std::__cxx11::basic_string<char>, Task*> >; _Compare = std::less<std::__cxx11::basic_string<char> >; _Alloc = std::allocator<std::pair<const std::__cxx11::basic_string<char>, Task*> >]	16	static
stl_tree.h:648:7:void std::_Rb_tree<_Key, _Val, _KeyOfValue, _Compare, _Alloc>::_M_drop_node(std::_Rb_tree<_Key, _Val, _KeyOfValue, _Compare, _Alloc>::_Link_type) [with _Key = std::__cxx11::basic_string<char>; _Val = std::pair<const std::__cxx11::basic_string<char>, Task*>; _KeyOfValue = std::_Select1st<std::pair<const std::__cxx11::basic_string<char>, Task*> >; _Compare = std::less<std::__cxx11::basic_string<char> >; _Alloc = std::allocator<std::pair<const std::__cxx11::basic_string<char>, Task*> >]	16	static
stl_tree.h:748:7:const std::_Rb_tree_node<_Val>* std::_Rb_tree<_Key, _Val, _KeyOfValue, _Compare, _Alloc>::_M_begin() const [with _Key = std::__cxx11::basic_string<char>; _Val = std::pair<const std::__cxx11::basic_string<char>, command>; _KeyOfValue = std::_Select1st<std::pair<const std::__cxx11::basic_string<char>, command> >; _Compare = std::less<std::__cxx11::basic_string<char> >; _Alloc = std::allocator<std::pair<const std::__cxx11::basic_string<char>, command> >]	16	static
stl_tree.h:759:7:const std::_Rb_tree_node_base* std::_Rb_tree<_Key, _Val, _KeyOfValue, _Compare, _Alloc>::_M_end() const [with _Key = std::__cxx11::basic_string<char>; _Val = std::pair<const std::__cxx11::basic_string<char>, command>; _KeyOfValue = std::_Select1st<std::pair<const std::__cxx11::basic_string<char>, command> >; _Compare = std::less<std::__cxx11::basic_string<char> >; _Alloc = std::allocator<std::pair<const std::__cxx11::basic_string<char>, command> >]	16	static
stl_tree.h:1940:5:std::_Rb_tree<_Key, _Val, _KeyOfValue, _Compare, _Alloc>::const_iterator std::_Rb_tree<_Key, _Val, _KeyOfValue, _Compare, _Alloc>::_M_lower_bound(std::_Rb_tree<_Key, _Val, _KeyOfValue, _Compare, _Alloc>::_Const_Link_type, std::_Rb_tree<_Key, _Val, _KeyOfValue, _Compare, _Alloc>::_Const_Base_ptr, const _Key&) const [with _Key = std::__cxx11::basic_string<char>; _Val = std::pair<const std::__cxx11::basic_string<char>, command>; _KeyOfValue = std::_Select1st<std::pair<const std::__cxx11::basic_string<char>, command> >; _Compare = std::less<std::__cxx11::basic_string<char> >; _Alloc = std::allocator<std::pair<const std::__cxx11::basic_string<char>, command> >]	40	static
stl_tree.h:809:7:static const _Key& std::_Rb_tree<_Key, _Val, _KeyOfValue, _Compare, _Alloc>::_S_key(std::_Rb_tree<_Key, _Val, _KeyOfValue, _Compare, _Alloc>::_Const_Base_ptr) [with _Key = std::__cxx11::basic_string<char>; _Val = std::pair<const std::__cxx11::basic_string<char>, command>; _KeyOfValue = std::_Select1st<std::pair<const std::__cxx11::basic_string<char>, command> >; _Compare = std::less<std::__cxx11::basic_string<char> >; _Alloc = std::allocator<std::pair<const std::__cxx11::basic_string<char>, command> >]	16	static
stl_function.h:385:7:constexpr bool std::less<_Tp>::operator()(const _Tp&, const _Tp&) const [with _Tp = std::__cxx11::basic_string<char>]	24	static
stl_tree.h:345:7:std::_Rb_tree_const_iterator<_Tp>::_Rb_tree_const_iterator(std::_Rb_tree_const_iterator<_Tp>::_Base_ptr) [with _Tp = std::pair<const std::__cxx11::basic_string<char>, command>]	16	static
stl_tree.h:748:7:const std::_Rb_tree_node<_Val>* std::_Rb_tree<_Key, _Val, _KeyOfValue, _Compare, _Alloc>::_M_begin() const [with _Key = std::__cxx11::basic_string<char>; _Val = std::pair<const std::__cxx11::basic_string<char>, Task*>; _KeyOfValue = std::_Select1st<std::pair<const std::__cxx11::basic_string<char>, Task*> >; _Compare = std::less<std::__cxx11::basic_string<char> >; _Alloc = std::allocator<std::pair<const std::__cxx11::basic_string<char>, Task*> >]	16	static
stl_tree.h:759:7:const std::_Rb_tree_node_base* std::_Rb_tree<_Key, _Val, _KeyOfValue, _Compare, _Alloc>::_M_end() const [with _Key = std::__cxx11::basic_string<char>; _Val = std::pair<const std::__cxx11::basic_string<char>, Task*>; _KeyOfValue = std::_Select1st<std::pair<const std::__cxx11::basic_string<char>, Task*> >; _Compare = std::less<std::__cxx11::basic_string<char> >; _Alloc = std::allocator<std::pair<const std::__cxx11::basic_string<char>, Task*> >]	16	static
stl_tree.h:1940:5:std::_Rb_tree<_Key, _Val, _KeyOfValue, _Compare, _Alloc>::const_iterator std::_Rb_tree<_Key, _Val, _KeyOfValue, _Compare, _Alloc>::_M_lower_bound(std::_Rb_tree<_Key, _Val, _KeyOfValue, _Compare, _Alloc>::_Const_Link_type, std::_Rb_tree<_Key, _Val, _KeyOfValue, _Compare, _Alloc>::_Const_Base_ptr, const _Key&) const [with _Key = std::__cxx11::basic_string<char>; _Val = std::pair<const std::__cxx11::basic_string<char>, Task*>; _KeyOfValue = std::_Select1st<std::pair<const std::__cxx11::basic_string<char>, Task*> >; _Compare = std::less<std::__cxx11::basic_string<char> >; _Alloc = std::allocator<std::pair<const std::__cxx11::basic_string<char>, Task*> >]	40	static
stl_tree.h:809:7:static const _Key& std::_Rb_tree<_Key, _Val, _KeyOfValue, _Compare, _Alloc>::_S_key(std::_Rb_tree<_Key, _Val, _KeyOfValue, _Compare, _Alloc>::_Const_Base_ptr) [with _Key = std::__cxx11::basic_string<char>; _Val = std::pair<const std::__cxx11::basic_string<char>, Task*>; _KeyOfValue = std::_Select1st<std::pair<const std::__cxx11::basic_string<char>, Task*> >; _Compare = std::less<std::__cxx11::basic_string<char> >; _Alloc = std::allocator<std::pair<const std::__cxx11::basic_string<char>, Task*> >]	16	static
stl_tree.h:345:7:std::_Rb_tree_const_iterator<_Tp>::_Rb_tree_const_iterator(std::_Rb_tree_const_iterator<_Tp>::_Base_ptr) [with _Tp = std::pair<const std::__cxx11::basic_string<char>, Task*>]	16	static
stl_tree.h:755:7:std::_Rb_tree_node_base* std::_Rb_tree<_Key, _Val, _KeyOfValue, _Compare, _Alloc>::_M_end() [with _Key = std::__cxx11::basic_string<char>; _Val = std::pair<const std::__cxx11::basic_string<char>, command>; _KeyOfValue = std::_Select1st<std::pair<const std::__cxx11::basic_string<char>, command> >; _Compare = std::less<std::__cxx11::basic_string<char> >; _Alloc = std::allocator<std::pair<const std::__cxx11::basic_string<char>, command> >]	16	static
stl_tree.h:1924:5:std::_Rb_tree<_Key, _Val, _KeyOfValue, _Compare, _Alloc>::iterator std::_Rb_tree<_Key, _Val, _KeyOfValue, _Compare, _Alloc>::_M_lower_bound(std::_Rb_tree<_Key, _Val, _KeyOfValue, _Compare, _Alloc>::_Link_type, std::_Rb_tree<_Key, _Val, _KeyOfValue, _Compare, _Alloc>::_Base_ptr, const _Key&) [with _Key = std::__cxx11::basic_string<char>; _Val = std::pair<const std::__cxx11::basic_string<char>, command>; _KeyOfValue = std::_Select1st<std::pair<const std::__cxx11::basic_string<char>, command> >; _Compare = std::less<std::__cxx11::basic_string<char> >; _Alloc = std::allocator<std::pair<const std::__cxx11::basic_string<char>, command> >]	40	static
stl_tree.h:1014:7:std::_Rb_tree<_Key, _Val, _KeyOfValue, _Compare, _Alloc>::iterator std::_Rb_tree<_Key, _Val, _KeyOfValue, _Compare, _Alloc>::end() [with _Key = std::__cxx11::basic_string<char>; _Val = std::pair<const std::__cxx11::basic_string<char>, command>; _KeyOfValue = std::_Select1st<std::pair<const std::__cxx11::basic_string<char>, command> >; _Compare = std::less<std::__cxx11::basic_string<char> >; _Alloc = std::allocator<std::pair<const std::__cxx11::basic_string<char>, command> >]	24	static
stl_tree.h:315:7:bool std::operator==(const _Self&, const _Self&)	16	static
aligned_buffer.h:72:7:_Tp* __gnu_cxx::__aligned_membuf<_Tp>::_M_ptr() [with _Tp = std::pair<const std::__cxx11::basic_string<char>, command>]	16	static
stl_tree.h:755:7:std::_Rb_tree_node_base* std::_Rb_tree<_Key, _Val, _KeyOfValue, _Compare, _Alloc>::_M_end() [with _Key = std::__cxx11::basic_string<char>; _Val = std::pair<const std::__cxx11::basic_string<char>, Task*>; _KeyOfValue = std::_Select1st<std::pair<const std::__cxx11::basic_string<char>, Task*> >; _Compare = std::less<std::__cxx11::basic_string<char> >; _Alloc = std::allocator<std::pair<const std::__cxx11::basic_string<char>, Task*> >]	16	static
stl_tree.h:1924:5:std::_Rb_tree<_Key, _Val, _KeyOfValue, _Compare, _Alloc>::iterator std::_Rb_tree<_Key, _Val, _KeyOfValue, _Compare, _Alloc>::_M_lower_bound(std::_Rb_tree<_Key, _Val, _KeyOfValue, _Compare, _Alloc>::_Link_type, std::_Rb_tree<_Key, _Val, _KeyOfValue, _Compare, _Alloc>::_Base_ptr, const _Key&) [with _Key = std::__cxx11::basic_string<char>; _Val = std::pair<const std::__cxx11::basic_string<char>, Task*>; _KeyOfValue = std::_Select1st<std::pair<const std::__cxx11::basic_string<char>, Task*> >; _Compare = std::less<std::__cxx11::basic_string<char> >; _Alloc = std::allocator<std::pair<const std::__cxx11::basic_string<char>, Task*> >]	40	static
stl_tree.h:1014:7:std::_Rb_tree<_Key, _Val, _KeyOfValue, _Compare, _Alloc>::iterator std::_Rb_tree<_Key, _Val, _KeyOfValue, _Compare, _Alloc>::end() [with _Key = std::__cxx11::basic_string<char>; _Val = std::pair<const std::__cxx11::basic_string<char>, Task*>; _KeyOfValue = std::_Select1st<std::pair<const std::__cxx11::basic_string<char>, Task*> >; _Compare = std::less<std::__cxx11::basic_string<char> >; _Alloc = std::allocator<std::pair<const std::__cxx11::basic_string<char>, Task*> >]	24	static
stl_tree.h:315:7:bool std::operator==(const _Self&, const _Self&)	16	static
aligned_buffer.h:72:7:_Tp* __gnu_cxx::__aligned_membuf<_Tp>::_M_ptr() [with _Tp = std::pair<const std::__cxx11::basic_string<char>, Task*>]	16	static
stl_tree.h:2085:5:std::pair<std::_Rb_tree_node_base*, std::_Rb_tree_node_base*> std::_Rb_tree<_Key, _Val, _KeyOfValue, _Compare, _Alloc>::_M_get_insert_unique_pos(const key_type&) [with _Key = std::__cxx11::basic_string<char>; _Val = std::pair<const std::__cxx11::basic_string<char>, command>; _KeyOfValue = std::_Select1st<std::pair<const std::__cxx11::basic_string<char>, command> >; _Compare = std::less<std::__cxx11::basic_string<char> >; _Alloc = std::allocator<std::pair<const std::__cxx11::basic_string<char>, command> >]	56	static
stl_function.h:1151:7:typename _Pair::first_type& std::_Select1st<_Pair>::operator()(_Pair&) const [with _Pair = std::pair<const std::__cxx11::basic_string<char>, command>]	16	static
stl_tree.h:538:2:std::_Rb_tree<_Key, _Val, _KeyOfValue, _Compare, _Alloc>::_Alloc_node::_Alloc_node(std::_Rb_tree<_Key, _Val, _KeyOfValue, _Compare, _Alloc>&) [with _Key = std::__cxx11::basic_string<char>; _Val = std::pair<const std::__cxx11::basic_string<char>, command>; _KeyOfValue = std::_Select1st<std::pair<const std::__cxx11::basic_string<char>, command> >; _Compare = std::less<std::__cxx11::basic_string<char> >; _Alloc = std::allocator<std::pair<const std::__cxx11::basic_string<char>, command> >]	16	static
move.h:74:5:constexpr _Tp&& std::forward(typename std::remove_reference<_Tp>::type&) [with _Tp = std::pair<const std::__cxx11::basic_string<char>, command>]	16	static
stl_tree.h:1797:7:std::_Rb_tree<_Key, _Val, _KeyOfValue, _Compare, _Alloc>::iterator std::_Rb_tree<_Key, _Val, _KeyOfValue, _Compare, _Alloc>::_M_insert_(std::_Rb_tree<_Key, _Val, _KeyOfValue, _Compare, _Alloc>::_Base_ptr, std::_Rb_tree<_Key, _Val, _KeyOfValue, _Compare, _Alloc>::_Base_ptr, _Arg&&, _NodeGen&) [with _Arg = std::pair<const std::__cxx11::basic_string<char>, command>; _NodeGen = std::_Rb_tree<std::__cxx11::basic_string<char>, std::pair<const std::__cxx11::basic_string<char>, command>, std::_Select1st<std::pair<const std::__cxx11::basic_string<char>, command> >, std::less<std::__cxx11::basic_string<char> >, std::allocator<std::pair<const std::__cxx11::basic_string<char>, command> > >::_Alloc_node; _Key = std::__cxx11::basic_string<char>; _Val = std::pair<const std::__cxx11::basic_string<char>, command>; _KeyOfValue = std::_Select1st<std::pair<const std::__cxx11::basic_string<char>, command> >; _Compare = std::less<std::__cxx11::basic_string<char> >; _Alloc = std::allocator<std::pair<const std::__cxx11::basic_string<char>, command> >]	48	static
stl_pair.h:341:12:constexpr std::pair<_T1, _T2>::pair(_U1&&, _U2&&) [with _U1 = std::_Rb_tree_iterator<std::pair<const std::__cxx11::basic_string<char>, command> >; _U2 = bool; typename std::enable_if<(std::_PCC<true, _T1, _T2>::_MoveConstructiblePair<_U1, _U2>() && std::_PCC<true, _T1, _T2>::_ImplicitlyMoveConvertiblePair<_U1, _U2>()), bool>::type <anonymous> = true; _T1 = std::_Rb_tree_iterator<std::pair<const std::__cxx11::basic_string<char>, command> >; _T2 = bool]	24	static
stl_tree.h:273:7:std::_Rb_tree_iterator<_Tp>::_Rb_tree_iterator(std::_Rb_tree_iterator<_Tp>::_Base_ptr) [with _Tp = std::pair<const std::__cxx11::basic_string<char>, command>]	16	static
aligned_buffer.h:76:7:const _Tp* __gnu_cxx::__aligned_membuf<_Tp>::_M_ptr() const [with _Tp = std::pair<const std::__cxx11::basic_string<char>, command>]	16	static
stl_tree.h:364:7:std::_Rb_tree_const_iterator<_Tp>::_Self& std::_Rb_tree_const_iterator<_Tp>::operator++() [with _Tp = std::pair<const std::__cxx11::basic_string<char>, Task*>]	16	static
stl_tree.h:379:7:std::_Rb_tree_const_iterator<_Tp>::_Self& std::_Rb_tree_const_iterator<_Tp>::operator--() [with _Tp = std::pair<const std::__cxx11::basic_string<char>, Task*>]	16	static
aligned_buffer.h:76:7:const _Tp* __gnu_cxx::__aligned_membuf<_Tp>::_M_ptr() const [with _Tp = std::pair<const std::__cxx11::basic_string<char>, Task*>]	16	static
stl_tree.h:364:7:std::_Rb_tree_const_iterator<_Tp>::_Self& std::_Rb_tree_const_iterator<_Tp>::operator++() [with _Tp = std::pair<const std::__cxx11::basic_string<char>, command>]	16	static
stl_tree.h:379:7:std::_Rb_tree_const_iterator<_Tp>::_Self& std::_Rb_tree_const_iterator<_Tp>::operator--() [with _Tp = std::pair<const std::__cxx11::basic_string<char>, command>]	16	static
stl_tree.h:2085:5:std::pair<std::_Rb_tree_node_base*, std::_Rb_tree_node_base*> std::_Rb_tree<_Key, _Val, _KeyOfValue, _Compare, _Alloc>::_M_get_insert_unique_pos(const key_type&) [with _Key = std::__cxx11::basic_string<char>; _Val = std::pair<const std::__cxx11::basic_string<char>, Task*>; _KeyOfValue = std::_Select1st<std::pair<const std::__cxx11::basic_string<char>, Task*> >; _Compare = std::less<std::__cxx11::basic_string<char> >; _Alloc = std::allocator<std::pair<const std::__cxx11::basic_string<char>, Task*> >]	56	static
stl_function.h:1151:7:typename _Pair::first_type& std::_Select1st<_Pair>::operator()(_Pair&) const [with _Pair = std::pair<const std::__cxx11::basic_string<char>, Task*>]	16	static
stl_tree.h:538:2:std::_Rb_tree<_Key, _Val, _KeyOfValue, _Compare, _Alloc>::_Alloc_node::_Alloc_node(std::_Rb_tree<_Key, _Val, _KeyOfValue, _Compare, _Alloc>&) [with _Key = std::__cxx11::basic_string<char>; _Val = std::pair<const std::__cxx11::basic_string<char>, Task*>; _KeyOfValue = std::_Select1st<std::pair<const std::__cxx11::basic_string<char>, Task*> >; _Compare = std::less<std::__cxx11::basic_string<char> >; _Alloc = std::allocator<std::pair<const std::__cxx11::basic_string<char>, Task*> >]	16	static
move.h:74:5:constexpr _Tp&& std::forward(typename std::remove_reference<_Tp>::type&) [with _Tp = std::pair<const std::__cxx11::basic_string<char>, Task*>]	16	static
stl_tree.h:1797:7:std::_Rb_tree<_Key, _Val, _KeyOfValue, _Compare, _Alloc>::iterator std::_Rb_tree<_Key, _Val, _KeyOfValue, _Compare, _Alloc>::_M_insert_(std::_Rb_tree<_Key, _Val, _KeyOfValue, _Compare, _Alloc>::_Base_ptr, std::_Rb_tree<_Key, _Val, _KeyOfValue, _Compare, _Alloc>::_Base_ptr, _Arg&&, _NodeGen&) [with _Arg = std::pair<const std::__cxx11::basic_string<char>, Task*>; _NodeGen = std::_Rb_tree<std::__cxx11::basic_string<char>, std::pair<const std::__cxx11::basic_string<char>, Task*>, std::_Select1st<std::pair<const std::__cxx11::basic_string<char>, Task*> >, std::less<std::__cxx11::basic_string<char> >, std::allocator<std::pair<const std::__cxx11::basic_string<char>, Task*> > >::_Alloc_node; _Key = std::__cxx11::basic_string<char>; _Val = std::pair<const std::__cxx11::basic_string<char>, Task*>; _KeyOfValue = std::_Select1st<std::pair<const std::__cxx11::basic_string<char>, Task*> >; _Compare = std::less<std::__cxx11::basic_string<char> >; _Alloc = std::allocator<std::pair<const std::__cxx11::basic_string<char>, Task*> >]	48	static
stl_pair.h:341:12:constexpr std::pair<_T1, _T2>::pair(_U1&&, _U2&&) [with _U1 = std::_Rb_tree_iterator<std::pair<const std::__cxx11::basic_string<char>, Task*> >; _U2 = bool; typename std::enable_if<(std::_PCC<true, _T1, _T2>::_MoveConstructiblePair<_U1, _U2>() && std::_PCC<true, _T1, _T2>::_ImplicitlyMoveConvertiblePair<_U1, _U2>()), bool>::type <anonymous> = true; _T1 = std::_Rb_tree_iterator<std::pair<const std::__cxx11::basic_string<char>, Task*> >; _T2 = bool]	24	static
stl_tree.h:273:7:std::_Rb_tree_iterator<_Tp>::_Rb_tree_iterator(std::_Rb_tree_iterator<_Tp>::_Base_ptr) [with _Tp = std::pair<const std::__cxx11::basic_string<char>, Task*>]	16	static
stl_tree.h:637:7:void std::_Rb_tree<_Key, _Val, _KeyOfValue, _Compare, _Alloc>::_M_destroy_node(std::_Rb_tree<_Key, _Val, _KeyOfValue, _Compare, _Alloc>::_Link_type) [with _Key = std::__cxx11::basic_string<char>; _Val = std::pair<const std::__cxx11::basic_string<char>, command>; _KeyOfValue = std::_Select1st<std::pair<const std::__cxx11::basic_string<char>, command> >; _Compare = std::less<std::__cxx11::basic_string<char> >; _Alloc = std::allocator<std::pair<const std::__cxx11::basic_string<char>, command> >]	24	static
stl_tree.h:583:7:void std::_Rb_tree<_Key, _Val, _KeyOfValue, _Compare, _Alloc>::_M_put_node(std::_Rb_tree<_Key, _Val, _KeyOfValue, _Compare, _Alloc>::_Link_type) [with _Key = std::__cxx11::basic_string<char>; _Val = std::pair<const std::__cxx11::basic_string<char>, command>; _KeyOfValue = std::_Select1st<std::pair<const std::__cxx11::basic_string<char>, command> >; _Compare = std::less<std::__cxx11::basic_string<char> >; _Alloc = std::allocator<std::pair<const std::__cxx11::basic_string<char>, command> >]	16	static
stl_tree.h:637:7:void std::_Rb_tree<_Key, _Val, _KeyOfValue, _Compare, _Alloc>::_M_destroy_node(std::_Rb_tree<_Key, _Val, _KeyOfValue, _Compare, _Alloc>::_Link_type) [with _Key = std::__cxx11::basic_string<char>; _Val = std::pair<const std::__cxx11::basic_string<char>, Task*>; _KeyOfValue = std::_Select1st<std::pair<const std::__cxx11::basic_string<char>, Task*> >; _Compare = std::less<std::__cxx11::basic_string<char> >; _Alloc = std::allocator<std::pair<const std::__cxx11::basic_string<char>, Task*> >]	24	static
stl_tree.h:583:7:void std::_Rb_tree<_Key, _Val, _KeyOfValue, _Compare, _Alloc>::_M_put_node(std::_Rb_tree<_Key, _Val, _KeyOfValue, _Compare, _Alloc>::_Link_type) [with _Key = std::__cxx11::basic_string<char>; _Val = std::pair<const std::__cxx11::basic_string<char>, Task*>; _KeyOfValue = std::_Select1st<std::pair<const std::__cxx11::basic_string<char>, Task*> >; _Compare = std::less<std::__cxx11::basic_string<char> >; _Alloc = std::allocator<std::pair<const std::__cxx11::basic_string<char>, Task*> >]	16	static
stl_tree.h:767:7:static const _Key& std::_Rb_tree<_Key, _Val, _KeyOfValue, _Compare, _Alloc>::_S_key(std::_Rb_tree<_Key, _Val, _KeyOfValue, _Compare, _Alloc>::_Const_Link_type) [with _Key = std::__cxx11::basic_string<char>; _Val = std::pair<const std::__cxx11::basic_string<char>, command>; _KeyOfValue = std::_Select1st<std::pair<const std::__cxx11::basic_string<char>, command> >; _Compare = std::less<std::__cxx11::basic_string<char> >; _Alloc = std::allocator<std::pair<const std::__cxx11::basic_string<char>, command> >]	24	static
stl_tree.h:793:7:static const std::_Rb_tree_node<_Val>* std::_Rb_tree<_Key, _Val, _KeyOfValue, _Compare, _Alloc>::_S_left(std::_Rb_tree<_Key, _Val, _KeyOfValue, _Compare, _Alloc>::_Const_Base_ptr) [with _Key = std::__cxx11::basic_string<char>; _Val = std::pair<const std::__cxx11::basic_string<char>, command>; _KeyOfValue = std::_Select1st<std::pair<const std::__cxx11::basic_string<char>, command> >; _Compare = std::less<std::__cxx11::basic_string<char> >; _Alloc = std::allocator<std::pair<const std::__cxx11::basic_string<char>, command> >]	16	static
stl_tree.h:801:7:static const std::_Rb_tree_node<_Val>* std::_Rb_tree<_Key, _Val, _KeyOfValue, _Compare, _Alloc>::_S_right(std::_Rb_tree<_Key, _Val, _KeyOfValue, _Compare, _Alloc>::_Const_Base_ptr) [with _Key = std::__cxx11::basic_string<char>; _Val = std::pair<const std::__cxx11::basic_string<char>, command>; _KeyOfValue = std::_Select1st<std::pair<const std::__cxx11::basic_string<char>, command> >; _Compare = std::less<std::__cxx11::basic_string<char> >; _Alloc = std::allocator<std::pair<const std::__cxx11::basic_string<char>, command> >]	16	static
basic_string.h:6226:5:bool std::operator<(const std::__cxx11::basic_string<_CharT, _Traits, _Alloc>&, const std::__cxx11::basic_string<_CharT, _Traits, _Alloc>&) [with _CharT = char; _Traits = std::char_traits<char>; _Alloc = std::allocator<char>]	16	static
stl_tree.h:767:7:static const _Key& std::_Rb_tree<_Key, _Val, _KeyOfValue, _Compare, _Alloc>::_S_key(std::_Rb_tree<_Key, _Val, _KeyOfValue, _Compare, _Alloc>::_Const_Link_type) [with _Key = std::__cxx11::basic_string<char>; _Val = std::pair<const std::__cxx11::basic_string<char>, Task*>; _KeyOfValue = std::_Select1st<std::pair<const std::__cxx11::basic_string<char>, Task*> >; _Compare = std::less<std::__cxx11::basic_string<char> >; _Alloc = std::allocator<std::pair<const std::__cxx11::basic_string<char>, Task*> >]	24	static
stl_tree.h:793:7:static const std::_Rb_tree_node<_Val>* std::_Rb_tree<_Key, _Val, _KeyOfValue, _Compare, _Alloc>::_S_left(std::_Rb_tree<_Key, _Val, _KeyOfValue, _Compare, _Alloc>::_Const_Base_ptr) [with _Key = std::__cxx11::basic_string<char>; _Val = std::pair<const std::__cxx11::basic_string<char>, Task*>; _KeyOfValue = std::_Select1st<std::pair<const std::__cxx11::basic_string<char>, Task*> >; _Compare = std::less<std::__cxx11::basic_string<char> >; _Alloc = std::allocator<std::pair<const std::__cxx11::basic_string<char>, Task*> >]	16	static
stl_tree.h:801:7:static const std::_Rb_tree_node<_Val>* std::_Rb_tree<_Key, _Val, _KeyOfValue, _Compare, _Alloc>::_S_right(std::_Rb_tree<_Key, _Val, _KeyOfValue, _Compare, _Alloc>::_Const_Base_ptr) [with _Key = std::__cxx11::basic_string<char>; _Val = std::pair<const std::__cxx11::basic_string<char>, Task*>; _KeyOfValue = std::_Select1st<std::pair<const std::__cxx11::basic_string<char>, Task*> >; _Compare = std::less<std::__cxx11::basic_string<char> >; _Alloc = std::allocator<std::pair<const std::__cxx11::basic_string<char>, Task*> >]	16	static
aligned_buffer.h:64:7:void* __gnu_cxx::__aligned_membuf<_Tp>::_M_addr() [with _Tp = std::pair<const std::__cxx11::basic_string<char>, command>]	16	static
aligned_buffer.h:64:7:void* __gnu_cxx::__aligned_membuf<_Tp>::_M_addr() [with _Tp = std::pair<const std::__cxx11::basic_string<char>, Task*>]	16	static
stl_tree.h:1006:7:std::_Rb_tree<_Key, _Val, _KeyOfValue, _Compare, _Alloc>::iterator std::_Rb_tree<_Key, _Val, _KeyOfValue, _Compare, _Alloc>::begin() [with _Key = std::__cxx11::basic_string<char>; _Val = std::pair<const std::__cxx11::basic_string<char>, command>; _KeyOfValue = std::_Select1st<std::pair<const std::__cxx11::basic_string<char>, command> >; _Compare = std::less<std::__cxx11::basic_string<char> >; _Alloc = std::allocator<std::pair<const std::__cxx11::basic_string<char>, command> >]	24	static
stl_pair.h:341:12:constexpr std::pair<_T1, _T2>::pair(_U1&&, _U2&&) [with _U1 = std::_Rb_tree_node<std::pair<const std::__cxx11::basic_string<char>, command> >*&; _U2 = std::_Rb_tree_node_base*&; typename std::enable_if<(std::_PCC<true, _T1, _T2>::_MoveConstructiblePair<_U1, _U2>() && std::_PCC<true, _T1, _T2>::_ImplicitlyMoveConvertiblePair<_U1, _U2>()), bool>::type <anonymous> = true; _T1 = std::_Rb_tree_node_base*; _T2 = std::_Rb_tree_node_base*]	24	static
stl_tree.h:300:7:std::_Rb_tree_iterator<_Tp>::_Self& std::_Rb_tree_iterator<_Tp>::operator--() [with _Tp = std::pair<const std::__cxx11::basic_string<char>, command>]	16	static
stl_pair.h:311:18:constexpr std::pair<_T1, _T2>::pair(_U1&&, const _T2&) [with _U1 = std::_Rb_tree_node_base*&; typename std::enable_if<std::_PCC<true, _T1, _T2>::_MoveCopyPair<true, _U1, _T2>(), bool>::type <anonymous> = true; _T1 = std::_Rb_tree_node_base*; _T2 = std::_Rb_tree_node_base*]	24	static
stl_tree.h:546:4:std::_Rb_tree_node<_Val>* std::_Rb_tree<_Key, _Val, _KeyOfValue, _Compare, _Alloc>::_Alloc_node::operator()(_Arg&&) const [with _Arg = std::pair<const std::__cxx11::basic_string<char>, command>; _Key = std::__cxx11::basic_string<char>; _Val = std::pair<const std::__cxx11::basic_string<char>, command>; _KeyOfValue = std::_Select1st<std::pair<const std::__cxx11::basic_string<char>, command> >; _Compare = std::less<std::__cxx11::basic_string<char> >; _Alloc = std::allocator<std::pair<const std::__cxx11::basic_string<char>, command> >]	24	static
move.h:74:5:constexpr _Tp&& std::forward(typename std::remove_reference<_Tp>::type&) [with _Tp = std::_Rb_tree_iterator<std::pair<const std::__cxx11::basic_string<char>, command> >]	16	static
move.h:74:5:constexpr _Tp&& std::forward(typename std::remove_reference<_Tp>::type&) [with _Tp = bool]	16	static
aligned_buffer.h:68:7:const void* __gnu_cxx::__aligned_membuf<_Tp>::_M_addr() const [with _Tp = std::pair<const std::__cxx11::basic_string<char>, command>]	16	static
aligned_buffer.h:68:7:const void* __gnu_cxx::__aligned_membuf<_Tp>::_M_addr() const [with _Tp = std::pair<const std::__cxx11::basic_string<char>, Task*>]	16	static
stl_tree.h:1006:7:std::_Rb_tree<_Key, _Val, _KeyOfValue, _Compare, _Alloc>::iterator std::_Rb_tree<_Key, _Val, _KeyOfValue, _Compare, _Alloc>::begin() [with _Key = std::__cxx11::basic_string<char>; _Val = std::pair<const std::__cxx11::basic_string<char>, Task*>; _KeyOfValue = std::_Select1st<std::pair<const std::__cxx11::basic_string<char>, Task*> >; _Compare = std::less<std::__cxx11::basic_string<char> >; _Alloc = std::allocator<std::pair<const std::__cxx11::basic_string<char>, Task*> >]	24	static
stl_pair.h:341:12:constexpr std::pair<_T1, _T2>::pair(_U1&&, _U2&&) [with _U1 = std::_Rb_tree_node<std::pair<const std::__cxx11::basic_string<char>, Task*> >*&; _U2 = std::_Rb_tree_node_base*&; typename std::enable_if<(std::_PCC<true, _T1, _T2>::_MoveConstructiblePair<_U1, _U2>() && std::_PCC<true, _T1, _T2>::_ImplicitlyMoveConvertiblePair<_U1, _U2>()), bool>::type <anonymous> = true; _T1 = std::_Rb_tree_node_base*; _T2 = std::_Rb_tree_node_base*]	24	static
stl_tree.h:300:7:std::_Rb_tree_iterator<_Tp>::_Self& std::_Rb_tree_iterator<_Tp>::operator--() [with _Tp = std::pair<const std::__cxx11::basic_string<char>, Task*>]	16	static
stl_tree.h:546:4:std::_Rb_tree_node<_Val>* std::_Rb_tree<_Key, _Val, _KeyOfValue, _Compare, _Alloc>::_Alloc_node::operator()(_Arg&&) const [with _Arg = std::pair<const std::__cxx11::basic_string<char>, Task*>; _Key = std::__cxx11::basic_string<char>; _Val = std::pair<const std::__cxx11::basic_string<char>, Task*>; _KeyOfValue = std::_Select1st<std::pair<const std::__cxx11::basic_string<char>, Task*> >; _Compare = std::less<std::__cxx11::basic_string<char> >; _Alloc = std::allocator<std::pair<const std::__cxx11::basic_string<char>, Task*> >]	24	static
move.h:74:5:constexpr _Tp&& std::forward(typename std::remove_reference<_Tp>::type&) [with _Tp = std::_Rb_tree_iterator<std::pair<const std::__cxx11::basic_string<char>, Task*> >]	16	static
stl_tree.h:566:7:std::_Rb_tree<_Key, _Val, _KeyOfValue, _Compare, _Alloc>::_Node_allocator& std::_Rb_tree<_Key, _Val, _KeyOfValue, _Compare, _Alloc>::_M_get_Node_allocator() [with _Key = std::__cxx11::basic_string<char>; _Val = std::pair<const std::__cxx11::basic_string<char>, command>; _KeyOfValue = std::_Select1st<std::pair<const std::__cxx11::basic_string<char>, command> >; _Compare = std::less<std::__cxx11::basic_string<char> >; _Alloc = std::allocator<std::pair<const std::__cxx11::basic_string<char>, command> >]	16	static
alloc_traits.h:495:2:static void std::allocator_traits<std::allocator<_Tp1> >::destroy(std::allocator_traits<std::allocator<_Tp1> >::allocator_type&, _Up*) [with _Up = std::pair<const std::__cxx11::basic_string<char>, command>; _Tp = std::_Rb_tree_node<std::pair<const std::__cxx11::basic_string<char>, command> >]	16	static
alloc_traits.h:469:7:static void std::allocator_traits<std::allocator<_Tp1> >::deallocate(std::allocator_traits<std::allocator<_Tp1> >::allocator_type&, std::allocator_traits<std::allocator<_Tp1> >::pointer, std::allocator_traits<std::allocator<_Tp1> >::size_type) [with _Tp = std::_Rb_tree_node<std::pair<const std::__cxx11::basic_string<char>, command> >]	24	static
stl_tree.h:566:7:std::_Rb_tree<_Key, _Val, _KeyOfValue, _Compare, _Alloc>::_Node_allocator& std::_Rb_tree<_Key, _Val, _KeyOfValue, _Compare, _Alloc>::_M_get_Node_allocator() [with _Key = std::__cxx11::basic_string<char>; _Val = std::pair<const std::__cxx11::basic_string<char>, Task*>; _KeyOfValue = std::_Select1st<std::pair<const std::__cxx11::basic_string<char>, Task*> >; _Compare = std::less<std::__cxx11::basic_string<char> >; _Alloc = std::allocator<std::pair<const std::__cxx11::basic_string<char>, Task*> >]	16	static
alloc_traits.h:495:2:static void std::allocator_traits<std::allocator<_Tp1> >::destroy(std::allocator_traits<std::allocator<_Tp1> >::allocator_type&, _Up*) [with _Up = std::pair<const std::__cxx11::basic_string<char>, Task*>; _Tp = std::_Rb_tree_node<std::pair<const std::__cxx11::basic_string<char>, Task*> >]	16	static
alloc_traits.h:469:7:static void std::allocator_traits<std::allocator<_Tp1> >::deallocate(std::allocator_traits<std::allocator<_Tp1> >::allocator_type&, std::allocator_traits<std::allocator<_Tp1> >::pointer, std::allocator_traits<std::allocator<_Tp1> >::size_type) [with _Tp = std::_Rb_tree_node<std::pair<const std::__cxx11::basic_string<char>, Task*> >]	24	static
stl_function.h:1155:7:const typename _Pair::first_type& std::_Select1st<_Pair>::operator()(const _Pair&) const [with _Pair = std::pair<const std::__cxx11::basic_string<char>, command>]	16	static
stl_function.h:1155:7:const typename _Pair::first_type& std::_Select1st<_Pair>::operator()(const _Pair&) const [with _Pair = std::pair<const std::__cxx11::basic_string<char>, Task*>]	16	static
move.h:74:5:constexpr _Tp&& std::forward(typename std::remove_reference<_Tp>::type&) [with _Tp = std::_Rb_tree_node<std::pair<const std::__cxx11::basic_string<char>, command> >*&]	16	static
move.h:74:5:constexpr _Tp&& std::forward(typename std::remove_reference<_Tp>::type&) [with _Tp = std::_Rb_tree_node_base*&]	16	static
stl_tree.h:628:2:) [with _Args = {std::pair<const std::__cxx11::basic_string<char, std::char_traits<char>, std::allocator<char> >, command>}; _Key = std::__cxx11::basic_string<char>; _Val = std::pair<const std::__cxx11::basic_string<char>, command>; _KeyOfValue = std::_Select1st<std::pair<const std::__cxx11::basic_string<char>, command> >; _Compare = std::less<std::__cxx11::basic_string<char> >; _Alloc = std::allocator<std::pair<const std::__cxx11::basic_string<char>, command> >]	24	static
move.h:74:5:constexpr _Tp&& std::forward(typename std::remove_reference<_Tp>::type&) [with _Tp = std::_Rb_tree_node<std::pair<const std::__cxx11::basic_string<char>, Task*> >*&]	16	static
stl_tree.h:628:2:) [with _Args = {std::pair<const std::__cxx11::basic_string<char, std::char_traits<char>, std::allocator<char> >, Task*>}; _Key = std::__cxx11::basic_string<char>; _Val = std::pair<const std::__cxx11::basic_string<char>, Task*>; _KeyOfValue = std::_Select1st<std::pair<const std::__cxx11::basic_string<char>, Task*> >; _Compare = std::less<std::__cxx11::basic_string<char> >; _Alloc = std::allocator<std::pair<const std::__cxx11::basic_string<char>, Task*> >]	24	static
new_allocator.h:151:2:void __gnu_cxx::new_allocator<_Tp>::destroy(_Up*) [with _Up = std::pair<const std::__cxx11::basic_string<char>, command>; _Tp = std::_Rb_tree_node<std::pair<const std::__cxx11::basic_string<char>, command> >]	16	static
new_allocator.h:119:7:void __gnu_cxx::new_allocator<_Tp>::deallocate(__gnu_cxx::new_allocator<_Tp>::pointer, __gnu_cxx::new_allocator<_Tp>::size_type) [with _Tp = std::_Rb_tree_node<std::pair<const std::__cxx11::basic_string<char>, command> >]	24	static
new_allocator.h:151:2:void __gnu_cxx::new_allocator<_Tp>::destroy(_Up*) [with _Up = std::pair<const std::__cxx11::basic_string<char>, Task*>; _Tp = std::_Rb_tree_node<std::pair<const std::__cxx11::basic_string<char>, Task*> >]	16	static
new_allocator.h:119:7:void __gnu_cxx::new_allocator<_Tp>::deallocate(__gnu_cxx::new_allocator<_Tp>::pointer, __gnu_cxx::new_allocator<_Tp>::size_type) [with _Tp = std::_Rb_tree_node<std::pair<const std::__cxx11::basic_string<char>, Task*> >]	24	static
stl_tree.h:579:7:std::_Rb_tree_node<_Val>* std::_Rb_tree<_Key, _Val, _KeyOfValue, _Compare, _Alloc>::_M_get_node() [with _Key = std::__cxx11::basic_string<char>; _Val = std::pair<const std::__cxx11::basic_string<char>, command>; _KeyOfValue = std::_Select1st<std::pair<const std::__cxx11::basic_string<char>, command> >; _Compare = std::less<std::__cxx11::basic_string<char> >; _Alloc = std::allocator<std::pair<const std::__cxx11::basic_string<char>, command> >]	16	static
stl_tree.h:609:2:) [with _Args = {std::pair<const std::__cxx11::basic_string<char, std::char_traits<char>, std::allocator<char> >, command>}; _Key = std::__cxx11::basic_string<char>; _Val = std::pair<const std::__cxx11::basic_string<char>, command>; _KeyOfValue = std::_Select1st<std::pair<const std::__cxx11::basic_string<char>, command> >; _Compare = std::less<std::__cxx11::basic_string<char> >; _Alloc = std::allocator<std::pair<const std::__cxx11::basic_string<char>, command> >]	32	static
stl_tree.h:579:7:std::_Rb_tree_node<_Val>* std::_Rb_tree<_Key, _Val, _KeyOfValue, _Compare, _Alloc>::_M_get_node() [with _Key = std::__cxx11::basic_string<char>; _Val = std::pair<const std::__cxx11::basic_string<char>, Task*>; _KeyOfValue = std::_Select1st<std::pair<const std::__cxx11::basic_string<char>, Task*> >; _Compare = std::less<std::__cxx11::basic_string<char> >; _Alloc = std::allocator<std::pair<const std::__cxx11::basic_string<char>, Task*> >]	16	static
stl_tree.h:609:2:) [with _Args = {std::pair<const std::__cxx11::basic_string<char, std::char_traits<char>, std::allocator<char> >, Task*>}; _Key = std::__cxx11::basic_string<char>; _Val = std::pair<const std::__cxx11::basic_string<char>, Task*>; _KeyOfValue = std::_Select1st<std::pair<const std::__cxx11::basic_string<char>, Task*> >; _Compare = std::less<std::__cxx11::basic_string<char> >; _Alloc = std::allocator<std::pair<const std::__cxx11::basic_string<char>, Task*> >]	32	static
alloc_traits.h:443:7:static _Tp* std::allocator_traits<std::allocator<_Tp1> >::allocate(std::allocator_traits<std::allocator<_Tp1> >::allocator_type&, std::allocator_traits<std::allocator<_Tp1> >::size_type) [with _Tp = std::_Rb_tree_node<std::pair<const std::__cxx11::basic_string<char>, command> >]	16	static
alloc_traits.h:482:2:) [with _Up = std::pair<const std::__cxx11::basic_string<char>, command>; _Args = {std::pair<const std::__cxx11::basic_string<char, std::char_traits<char>, std::allocator<char> >, command>}; _Tp = std::_Rb_tree_node<std::pair<const std::__cxx11::basic_string<char>, command> >]	24	static
alloc_traits.h:443:7:static _Tp* std::allocator_traits<std::allocator<_Tp1> >::allocate(std::allocator_traits<std::allocator<_Tp1> >::allocator_type&, std::allocator_traits<std::allocator<_Tp1> >::size_type) [with _Tp = std::_Rb_tree_node<std::pair<const std::__cxx11::basic_string<char>, Task*> >]	16	static
alloc_traits.h:482:2:) [with _Up = std::pair<const std::__cxx11::basic_string<char>, Task*>; _Args = {std::pair<const std::__cxx11::basic_string<char, std::char_traits<char>, std::allocator<char> >, Task*>}; _Tp = std::_Rb_tree_node<std::pair<const std::__cxx11::basic_string<char>, Task*> >]	24	static
new_allocator.h:102:7:_Tp* __gnu_cxx::new_allocator<_Tp>::allocate(__gnu_cxx::new_allocator<_Tp>::size_type, const void*) [with _Tp = std::_Rb_tree_node<std::pair<const std::__cxx11::basic_string<char>, command> >]	24	static
stl_pair.h:304:17:std::pair<_T1, _T2>::pair(std::pair<_T1, _T2>&&) [with _T1 = const std::__cxx11::basic_string<char>; _T2 = command]	16	static
new_allocator.h:144:2:) [with _Up = std::pair<const std::__cxx11::basic_string<char>, command>; _Args = {std::pair<const std::__cxx11::basic_string<char, std::char_traits<char>, std::allocator<char> >, command>}; _Tp = std::_Rb_tree_node<std::pair<const std::__cxx11::basic_string<char>, command> >]	32	static
new_allocator.h:102:7:_Tp* __gnu_cxx::new_allocator<_Tp>::allocate(__gnu_cxx::new_allocator<_Tp>::size_type, const void*) [with _Tp = std::_Rb_tree_node<std::pair<const std::__cxx11::basic_string<char>, Task*> >]	24	static
stl_pair.h:304:17:std::pair<_T1, _T2>::pair(std::pair<_T1, _T2>&&) [with _T1 = const std::__cxx11::basic_string<char>; _T2 = Task*]	16	static
new_allocator.h:144:2:) [with _Up = std::pair<const std::__cxx11::basic_string<char>, Task*>; _Args = {std::pair<const std::__cxx11::basic_string<char, std::char_traits<char>, std::allocator<char> >, Task*>}; _Tp = std::_Rb_tree_node<std::pair<const std::__cxx11::basic_string<char>, Task*> >]	32	static
new_allocator.h:132:7:__gnu_cxx::new_allocator<_Tp>::size_type __gnu_cxx::new_allocator<_Tp>::max_size() const [with _Tp = std::_Rb_tree_node<std::pair<const std::__cxx11::basic_string<char>, command> >]	16	static
new_allocator.h:132:7:__gnu_cxx::new_allocator<_Tp>::size_type __gnu_cxx::new_allocator<_Tp>::max_size() const [with _Tp = std::_Rb_tree_node<std::pair<const std::__cxx11::basic_string<char>, Task*> >]	16	static
Console.cpp:233:1:void __static_initialization_and_destruction_0(int, int)	136	static
Console.cpp:233:1:cpp)	8	static
Console.cpp:233:1:cpp)	8	static
