gthr-default.h:229:1:int __gthread_key_delete(__gthread_key_t)	16	static
cnsl_tools.hpp:80:13:void startUART()	8	static
cnsl_tools.hpp:86:13:void println(std::string)	32	static
cnsl_tools.hpp:98:13:void print(std::string)	32	static
cnsl_tools.hpp:107:20:std::string bfrspc(std::string)	24	static
cnsl_tools.hpp:118:20:std::string aftspc(std::string)	40	static
Task.hpp:75:6:int Task::getState()	16	static
Task.hpp:76:7:void Task::setState(int)	16	static
Task.hpp:83:16:long unsigned int Task::getPeriod()	16	static
sys_cmnds.hpp:18:13:bool helpa()	4	static
sys_cmnds.hpp:22:13:bool helpb(std::string&)	16	static
sys_cmnds.hpp:32:13:bool echoa()	40	static
sys_cmnds.hpp:37:13:bool echob(std::string&)	40	static
sys_cmnds.hpp:48:13:bool cleara()	40	static
sys_cmnds.hpp:53:13:bool clearb(std::string&)	48	static
sys_cmnds.hpp:64:13:bool bannera()	32	static
sys_cmnds.hpp:69:13:bool bannerb(std::string&)	40	static
main.cpp:83:16:int _write(int, char*, int)	24	static
main.cpp:101:5:int main()	320	static
main.cpp:188:6:void SystemClock_Config()	88	static
main.cpp:241:13:void MX_ADC1_Init()	8	static
main.cpp:278:13:void MX_FMPI2C1_Init()	8	static
main.cpp:318:13:void MX_I2C3_Init()	8	static
main.cpp:352:13:void MX_RTC_Init()	8	static
main.cpp:386:13:void MX_TIM4_Init()	64	static
main.cpp:457:13:void MX_TIM5_Init()	32	static
main.cpp:502:13:void MX_USART1_UART_Init()	8	static
main.cpp:535:13:void MX_USART3_UART_Init()	8	static
main.cpp:566:13:void MX_DMA_Init()	16	static
main.cpp:584:13:void MX_GPIO_Init()	48	static
main.cpp:621:6:void Error_Handler()	4	static,ignoring_inline_asm
TaskMaster.hpp:51:6:void TaskMaster<N>::init(TIM_HandleTypeDef*) [with int N = 10]	16	static
TaskMaster.hpp:128:6:bool TaskMaster<N>::push_back(Task*) [with int N = 10]	24	static
TaskMaster.hpp:57:6:void TaskMaster<N>::start() [with int N = 10]	16	static
TaskMaster.hpp:100:6:void TaskMaster<N>::runNextTask() [with int N = 10]	24	static
main.cpp:630:1:void __static_initialization_and_destruction_0(int, int)	136	static
main.cpp:630:1:cpp)	8	static
main.cpp:630:1:cpp)	8	static
